2026-08-13 08:20:54,562 - INFO - Se encontraron 19 archivo(s) .xls para procesar.
2026-08-13 08:20:54,563 - INFO - ============================================================
2026-08-13 08:20:54,563 - INFO - [PROCESANDO] [1/19] (Importada): 13_Plantilla_Predistribuido_NO.xls
2026-08-13 08:20:54,564 - INFO - ============================================================
2026-08-13 08:21:53,828 - INFO - Buscando y haciendo clic en el botón 'Continuar'...
2026-08-13 08:21:54,441 - INFO - Clic en 'Continuar' (ID='next') realizado.
2026-08-13 08:21:57,442 - INFO - Buscando y haciendo clic en el botón 'Importar SKU'...
2026-08-13 08:22:00,605 - INFO - Clic en 'Importar SKU' realizado.
2026-08-13 08:22:02,608 - INFO - Iniciando proceso de importación de archivo SKU...
2026-08-13 08:22:02,609 - INFO - Cambiando al iframe 'frameImporSkuXlsF1'...
2026-08-13 08:22:02,728 - INFO - Buscando el campo de entrada de archivo (input[type='file'])...
2026-08-13 08:22:03,276 - INFO - Asignando ruta: 'C:\Users\eliseo_lopezp\automatizacion_web\archivos\importadas\13_Plantilla_Predistribuido_NO.xls'
2026-08-13 08:22:04,345 - INFO - Archivo asignado en el input. Valor: 'C:\fakepath\13_Plantilla_Predistribuido_NO.xls'
2026-08-13 08:22:04,345 - INFO - Buscando el botón para enviar el archivo (Submit)...
2026-08-13 08:22:04,943 - INFO - Clic en el botón de envío 'Submit' realizado.
2026-08-13 08:22:04,944 - INFO - Esperando respuesta del servidor...
2026-08-13 08:22:04,999 - INFO - Confirmación recibida: El archivo se procesó en el backend.
2026-08-13 08:22:05,011 - INFO - Buscando y haciendo clic en el botón 'Cerrar' del diálogo...
2026-08-13 08:22:15,463 - WARNING - No se pudo hacer clic en el botón 'Cerrar' de forma normal. Intentando forzar el clic con JavaScript.
2026-08-13 08:22:15,524 - INFO - Diálogo de importación cerrado forzando el clic con JavaScript.
2026-08-13 08:22:30,805 - INFO - [EXITO] PO (Importada) N° Maestro [0200745032] creada exitosamente para: 13_Plantilla_Predistribuido_NO.xls
2026-08-13 08:22:33,809 - INFO - ============================================================
2026-08-13 08:22:33,810 - INFO - [PROCESANDO] [2/19] (Importada): 14_Plantilla_Predistribuido_NO.xls
2026-08-13 08:22:33,811 - INFO - ============================================================
2026-08-13 08:23:33,672 - INFO - Buscando y haciendo clic en el botón 'Continuar'...
2026-08-13 08:23:34,251 - INFO - Clic en 'Continuar' (ID='next') realizado.
2026-08-13 08:23:37,253 - INFO - Buscando y haciendo clic en el botón 'Importar SKU'...
2026-08-13 08:23:39,466 - INFO - Clic en 'Importar SKU' realizado.
2026-08-13 08:23:41,468 - INFO - Iniciando proceso de importación de archivo SKU...
2026-08-13 08:23:41,468 - INFO - Cambiando al iframe 'frameImporSkuXlsF1'...
2026-08-13 08:23:41,575 - INFO - Buscando el campo de entrada de archivo (input[type='file'])...
2026-08-13 08:23:42,116 - INFO - Asignando ruta: 'C:\Users\eliseo_lopezp\automatizacion_web\archivos\importadas\14_Plantilla_Predistribuido_NO.xls'
2026-08-13 08:23:43,197 - INFO - Archivo asignado en el input. Valor: 'C:\fakepath\14_Plantilla_Predistribuido_NO.xls'
2026-08-13 08:23:43,198 - INFO - Buscando el botón para enviar el archivo (Submit)...
2026-08-13 08:23:43,815 - INFO - Clic en el botón de envío 'Submit' realizado.
2026-08-13 08:23:43,816 - INFO - Esperando respuesta del servidor...
2026-08-13 08:23:43,840 - INFO - Confirmación recibida: El archivo se procesó en el backend.
2026-08-13 08:23:43,848 - INFO - Buscando y haciendo clic en el botón 'Cerrar' del diálogo...
2026-08-13 08:23:54,358 - WARNING - No se pudo hacer clic en el botón 'Cerrar' de forma normal. Intentando forzar el clic con JavaScript.
2026-08-13 08:23:54,422 - INFO - Diálogo de importación cerrado forzando el clic con JavaScript.
2026-08-13 08:24:19,702 - INFO - [EXITO] PO (Importada) N° Maestro [0200745033] creada exitosamente para: 14_Plantilla_Predistribuido_NO.xls
2026-08-13 08:24:22,703 - INFO - ============================================================
2026-08-13 08:24:22,703 - INFO - [PROCESANDO] [3/19] (Importada): 15_Plantilla_Predistribuido_NO.xls
2026-08-13 08:24:22,704 - INFO - ============================================================
2026-08-13 08:25:09,075 - INFO - Buscando y haciendo clic en el botón 'Continuar'...
2026-08-13 08:25:09,236 - INFO - Clic en 'Continuar' (ID='next') realizado.
2026-08-13 08:25:12,238 - INFO - Buscando y haciendo clic en el botón 'Importar SKU'...
2026-08-13 08:25:14,428 - INFO - Clic en 'Importar SKU' realizado.
2026-08-13 08:25:16,430 - INFO - Iniciando proceso de importación de archivo SKU...
2026-08-13 08:25:16,430 - INFO - Cambiando al iframe 'frameImporSkuXlsF1'...
2026-08-13 08:25:16,456 - INFO - Buscando el campo de entrada de archivo (input[type='file'])...
2026-08-13 08:25:16,969 - INFO - Asignando ruta: 'C:\Users\eliseo_lopezp\automatizacion_web\archivos\importadas\15_Plantilla_Predistribuido_NO.xls'
2026-08-13 08:25:17,996 - INFO - Archivo asignado en el input. Valor: 'C:\fakepath\15_Plantilla_Predistribuido_NO.xls'
2026-08-13 08:25:17,996 - INFO - Buscando el botón para enviar el archivo (Submit)...
2026-08-13 08:25:18,146 - INFO - Clic en el botón de envío 'Submit' realizado.
2026-08-13 08:25:18,146 - INFO - Esperando respuesta del servidor...
2026-08-13 08:25:18,156 - INFO - Confirmación recibida: El archivo se procesó en el backend.
2026-08-13 08:25:18,161 - INFO - Buscando y haciendo clic en el botón 'Cerrar' del diálogo...
2026-08-13 08:25:28,466 - WARNING - No se pudo hacer clic en el botón 'Cerrar' de forma normal. Intentando forzar el clic con JavaScript.
2026-08-13 08:25:28,482 - INFO - Diálogo de importación cerrado forzando el clic con JavaScript.
2026-08-13 08:25:54,399 - INFO - [EXITO] PO (Importada) N° Maestro [0200745034] creada exitosamente para: 15_Plantilla_Predistribuido_NO.xls
2026-08-13 08:25:57,401 - INFO - ============================================================
2026-08-13 08:25:57,401 - INFO - [PROCESANDO] [4/19] (Importada): 16_Plantilla_Predistribuido_NO.xls
2026-08-13 08:25:57,401 - INFO - ============================================================
2026-08-13 08:26:43,546 - INFO - Buscando y haciendo clic en el botón 'Continuar'...
2026-08-13 08:26:43,672 - INFO - Clic en 'Continuar' (ID='next') realizado.
2026-08-13 08:26:46,673 - INFO - Buscando y haciendo clic en el botón 'Importar SKU'...
2026-08-13 08:26:48,708 - INFO - Clic en 'Importar SKU' realizado.
2026-08-13 08:26:50,709 - INFO - Iniciando proceso de importación de archivo SKU...
2026-08-13 08:26:50,709 - INFO - Cambiando al iframe 'frameImporSkuXlsF1'...
2026-08-13 08:26:50,734 - INFO - Buscando el campo de entrada de archivo (input[type='file'])...
2026-08-13 08:26:51,248 - INFO - Asignando ruta: 'C:\Users\eliseo_lopezp\automatizacion_web\archivos\importadas\16_Plantilla_Predistribuido_NO.xls'
2026-08-13 08:26:52,269 - INFO - Archivo asignado en el input. Valor: 'C:\fakepath\16_Plantilla_Predistribuido_NO.xls'
2026-08-13 08:26:52,269 - INFO - Buscando el botón para enviar el archivo (Submit)...
2026-08-13 08:26:52,402 - INFO - Clic en el botón de envío 'Submit' realizado.
2026-08-13 08:26:52,403 - INFO - Esperando respuesta del servidor...
2026-08-13 08:26:52,409 - INFO - Confirmación recibida: El archivo se procesó en el backend.
2026-08-13 08:26:52,411 - INFO - Buscando y haciendo clic en el botón 'Cerrar' del diálogo...
2026-08-13 08:27:02,894 - WARNING - No se pudo hacer clic en el botón 'Cerrar' de forma normal. Intentando forzar el clic con JavaScript.
2026-08-13 08:27:02,915 - INFO - Diálogo de importación cerrado forzando el clic con JavaScript.
2026-08-13 08:27:16,731 - INFO - [EXITO] PO (Importada) N° Maestro [0200745035] creada exitosamente para: 16_Plantilla_Predistribuido_NO.xls
2026-08-13 08:27:19,732 - INFO - ============================================================
2026-08-13 08:27:19,732 - INFO - [PROCESANDO] [5/19] (Importada): 17_Plantilla_Predistribuido_NO.xls
2026-08-13 08:27:19,733 - INFO - ============================================================
2026-08-13 08:28:06,889 - INFO - Buscando y haciendo clic en el botón 'Continuar'...
2026-08-13 08:28:07,083 - INFO - Clic en 'Continuar' (ID='next') realizado.
2026-08-13 08:28:10,085 - INFO - Buscando y haciendo clic en el botón 'Importar SKU'...
2026-08-13 08:28:12,021 - INFO - Clic en 'Importar SKU' realizado.
2026-08-13 08:28:14,022 - INFO - Iniciando proceso de importación de archivo SKU...
2026-08-13 08:28:14,022 - INFO - Cambiando al iframe 'frameImporSkuXlsF1'...
2026-08-13 08:28:14,054 - INFO - Buscando el campo de entrada de archivo (input[type='file'])...
2026-08-13 08:28:14,569 - INFO - Asignando ruta: 'C:\Users\eliseo_lopezp\automatizacion_web\archivos\importadas\17_Plantilla_Predistribuido_NO.xls'
2026-08-13 08:28:15,595 - INFO - Archivo asignado en el input. Valor: 'C:\fakepath\17_Plantilla_Predistribuido_NO.xls'
2026-08-13 08:28:15,597 - INFO - Buscando el botón para enviar el archivo (Submit)...
2026-08-13 08:28:15,780 - INFO - Clic en el botón de envío 'Submit' realizado.
2026-08-13 08:28:15,780 - INFO - Esperando respuesta del servidor...
2026-08-13 08:28:15,794 - INFO - Confirmación recibida: El archivo se procesó en el backend.
2026-08-13 08:28:15,797 - INFO - Buscando y haciendo clic en el botón 'Cerrar' del diálogo...
2026-08-13 08:28:26,146 - WARNING - No se pudo hacer clic en el botón 'Cerrar' de forma normal. Intentando forzar el clic con JavaScript.
2026-08-13 08:28:26,162 - INFO - Diálogo de importación cerrado forzando el clic con JavaScript.
2026-08-13 08:28:52,489 - INFO - [EXITO] PO (Importada) N° Maestro [0200745036] creada exitosamente para: 17_Plantilla_Predistribuido_NO.xls
2026-08-13 08:28:55,490 - INFO - ============================================================
2026-08-13 08:28:55,491 - INFO - [PROCESANDO] [6/19] (Importada): 18_Plantilla_Predistribuido_NO.xls
2026-08-13 08:28:55,491 - INFO - ============================================================
2026-08-13 08:29:41,588 - INFO - Buscando y haciendo clic en el botón 'Continuar'...
2026-08-13 08:29:41,720 - INFO - Clic en 'Continuar' (ID='next') realizado.
2026-08-13 08:29:44,721 - INFO - Buscando y haciendo clic en el botón 'Importar SKU'...
2026-08-13 08:29:46,980 - INFO - Clic en 'Importar SKU' realizado.
2026-08-13 08:29:48,981 - INFO - Iniciando proceso de importación de archivo SKU...
2026-08-13 08:29:48,982 - INFO - Cambiando al iframe 'frameImporSkuXlsF1'...
2026-08-13 08:29:49,008 - INFO - Buscando el campo de entrada de archivo (input[type='file'])...
2026-08-13 08:29:49,527 - INFO - Asignando ruta: 'C:\Users\eliseo_lopezp\automatizacion_web\archivos\importadas\18_Plantilla_Predistribuido_NO.xls'
2026-08-13 08:29:50,551 - INFO - Archivo asignado en el input. Valor: 'C:\fakepath\18_Plantilla_Predistribuido_NO.xls'
2026-08-13 08:29:50,552 - INFO - Buscando el botón para enviar el archivo (Submit)...
2026-08-13 08:29:50,700 - INFO - Clic en el botón de envío 'Submit' realizado.
2026-08-13 08:29:50,700 - INFO - Esperando respuesta del servidor...
2026-08-13 08:29:50,707 - INFO - Confirmación recibida: El archivo se procesó en el backend.
2026-08-13 08:29:50,713 - INFO - Buscando y haciendo clic en el botón 'Cerrar' del diálogo...
2026-08-13 08:30:01,031 - WARNING - No se pudo hacer clic en el botón 'Cerrar' de forma normal. Intentando forzar el clic con JavaScript.
2026-08-13 08:30:01,047 - INFO - Diálogo de importación cerrado forzando el clic con JavaScript.
2026-08-13 08:30:16,010 - INFO - [EXITO] PO (Importada) N° Maestro [0200745037] creada exitosamente para: 18_Plantilla_Predistribuido_NO.xls
2026-08-13 08:30:19,011 - INFO - ============================================================
2026-08-13 08:30:19,011 - INFO - [PROCESANDO] [7/19] (Importada): 19_Plantilla_Predistribuido_NO.xls
2026-08-13 08:30:19,011 - INFO - ============================================================
2026-08-13 08:31:04,576 - INFO - Buscando y haciendo clic en el botón 'Continuar'...
2026-08-13 08:31:04,718 - INFO - Clic en 'Continuar' (ID='next') realizado.
2026-08-13 08:31:07,718 - INFO - Buscando y haciendo clic en el botón 'Importar SKU'...
2026-08-13 08:31:09,120 - INFO - Clic en 'Importar SKU' realizado.
2026-08-13 08:31:11,121 - INFO - Iniciando proceso de importación de archivo SKU...
2026-08-13 08:31:11,121 - INFO - Cambiando al iframe 'frameImporSkuXlsF1'...
2026-08-13 08:31:11,142 - INFO - Buscando el campo de entrada de archivo (input[type='file'])...
2026-08-13 08:31:11,653 - INFO - Asignando ruta: 'C:\Users\eliseo_lopezp\automatizacion_web\archivos\importadas\19_Plantilla_Predistribuido_NO.xls'
2026-08-13 08:31:12,676 - INFO - Archivo asignado en el input. Valor: 'C:\fakepath\19_Plantilla_Predistribuido_NO.xls'
2026-08-13 08:31:12,676 - INFO - Buscando el botón para enviar el archivo (Submit)...
2026-08-13 08:31:12,791 - INFO - Clic en el botón de envío 'Submit' realizado.
2026-08-13 08:31:12,791 - INFO - Esperando respuesta del servidor...
2026-08-13 08:31:12,797 - INFO - Confirmación recibida: El archivo se procesó en el backend.
2026-08-13 08:31:12,802 - INFO - Buscando y haciendo clic en el botón 'Cerrar' del diálogo...
2026-08-13 08:31:23,158 - WARNING - No se pudo hacer clic en el botón 'Cerrar' de forma normal. Intentando forzar el clic con JavaScript.
2026-08-13 08:31:23,173 - INFO - Diálogo de importación cerrado forzando el clic con JavaScript.
2026-08-13 08:31:43,357 - INFO - [EXITO] PO (Importada) N° Maestro [0200745038] creada exitosamente para: 19_Plantilla_Predistribuido_NO.xls
2026-08-13 08:31:46,358 - INFO - ============================================================
2026-08-13 08:31:46,359 - INFO - [PROCESANDO] [8/19] (Local): 10_Plantilla_Predistribuido_NO.xls
2026-08-13 08:31:46,360 - INFO - ============================================================
2026-08-13 08:32:28,793 - INFO - Buscando y haciendo clic en el botón 'Continuar'...
2026-08-13 08:32:28,938 - INFO - Clic en 'Continuar' (ID='next') realizado.
2026-08-13 08:32:31,939 - INFO - Buscando y haciendo clic en el botón 'Importar SKU'...
2026-08-13 08:32:33,250 - INFO - Clic en 'Importar SKU' realizado.
2026-08-13 08:32:35,258 - INFO - Iniciando proceso de importación de archivo SKU...
2026-08-13 08:32:35,259 - INFO - Cambiando al iframe 'frameImporSkuXlsF1'...
2026-08-13 08:32:35,298 - INFO - Buscando el campo de entrada de archivo (input[type='file'])...
2026-08-13 08:32:35,814 - INFO - Asignando ruta: 'C:\Users\eliseo_lopezp\automatizacion_web\archivos\locales\10_Plantilla_Predistribuido_NO.xls'
2026-08-13 08:32:36,839 - INFO - Archivo asignado en el input. Valor: 'C:\fakepath\10_Plantilla_Predistribuido_NO.xls'
2026-08-13 08:32:36,840 - INFO - Buscando el botón para enviar el archivo (Submit)...
2026-08-13 08:32:36,961 - INFO - Clic en el botón de envío 'Submit' realizado.
2026-08-13 08:32:36,961 - INFO - Esperando respuesta del servidor...
2026-08-13 08:32:36,967 - INFO - Confirmación recibida: El archivo se procesó en el backend.
2026-08-13 08:32:36,972 - INFO - Buscando y haciendo clic en el botón 'Cerrar' del diálogo...
2026-08-13 08:32:47,342 - WARNING - No se pudo hacer clic en el botón 'Cerrar' de forma normal. Intentando forzar el clic con JavaScript.
2026-08-13 08:32:47,356 - INFO - Diálogo de importación cerrado forzando el clic con JavaScript.
2026-08-13 08:33:11,113 - INFO - [EXITO] PO (Local) N° Maestro [0200745039] creada exitosamente para: 10_Plantilla_Predistribuido_NO.xls
2026-08-13 08:33:14,115 - INFO - ============================================================
2026-08-13 08:33:14,115 - INFO - [PROCESANDO] [9/19] (Local): 11_Plantilla_Predistribuido_NO.xls
2026-08-13 08:33:14,115 - INFO - ============================================================
2026-08-13 08:33:57,648 - INFO - Buscando y haciendo clic en el botón 'Continuar'...
2026-08-13 08:33:57,850 - INFO - Clic en 'Continuar' (ID='next') realizado.
2026-08-13 08:34:00,851 - INFO - Buscando y haciendo clic en el botón 'Importar SKU'...
2026-08-13 08:34:02,227 - INFO - Clic en 'Importar SKU' realizado.
2026-08-13 08:34:04,228 - INFO - Iniciando proceso de importación de archivo SKU...
2026-08-13 08:34:04,228 - INFO - Cambiando al iframe 'frameImporSkuXlsF1'...
2026-08-13 08:34:04,264 - INFO - Buscando el campo de entrada de archivo (input[type='file'])...
2026-08-13 08:34:04,781 - INFO - Asignando ruta: 'C:\Users\eliseo_lopezp\automatizacion_web\archivos\locales\11_Plantilla_Predistribuido_NO.xls'
2026-08-13 08:34:05,811 - INFO - Archivo asignado en el input. Valor: 'C:\fakepath\11_Plantilla_Predistribuido_NO.xls'
2026-08-13 08:34:05,811 - INFO - Buscando el botón para enviar el archivo (Submit)...
2026-08-13 08:34:06,011 - INFO - Clic en el botón de envío 'Submit' realizado.
2026-08-13 08:34:06,011 - INFO - Esperando respuesta del servidor...
2026-08-13 08:34:06,031 - INFO - Confirmación recibida: El archivo se procesó en el backend.
2026-08-13 08:34:06,037 - INFO - Buscando y haciendo clic en el botón 'Cerrar' del diálogo...
2026-08-13 08:34:16,405 - WARNING - No se pudo hacer clic en el botón 'Cerrar' de forma normal. Intentando forzar el clic con JavaScript.
2026-08-13 08:34:16,420 - INFO - Diálogo de importación cerrado forzando el clic con JavaScript.
2026-08-13 08:34:39,276 - INFO - [EXITO] PO (Local) N° Maestro [0200745040] creada exitosamente para: 11_Plantilla_Predistribuido_NO.xls
2026-08-13 08:34:42,277 - INFO - ============================================================
2026-08-13 08:34:42,277 - INFO - [PROCESANDO] [10/19] (Local): 12_Plantilla_Predistribuido_NO.xls
2026-08-13 08:34:42,277 - INFO - ============================================================
2026-08-13 08:35:24,977 - INFO - Buscando y haciendo clic en el botón 'Continuar'...
2026-08-13 08:35:25,157 - INFO - Clic en 'Continuar' (ID='next') realizado.
2026-08-13 08:35:28,158 - INFO - Buscando y haciendo clic en el botón 'Importar SKU'...
2026-08-13 08:35:29,955 - INFO - Clic en 'Importar SKU' realizado.
2026-08-13 08:35:31,956 - INFO - Iniciando proceso de importación de archivo SKU...
2026-08-13 08:35:31,957 - INFO - Cambiando al iframe 'frameImporSkuXlsF1'...
2026-08-13 08:35:31,993 - INFO - Buscando el campo de entrada de archivo (input[type='file'])...
2026-08-13 08:35:32,507 - INFO - Asignando ruta: 'C:\Users\eliseo_lopezp\automatizacion_web\archivos\locales\12_Plantilla_Predistribuido_NO.xls'
2026-08-13 08:35:33,531 - INFO - Archivo asignado en el input. Valor: 'C:\fakepath\12_Plantilla_Predistribuido_NO.xls'
2026-08-13 08:35:33,531 - INFO - Buscando el botón para enviar el archivo (Submit)...
2026-08-13 08:35:33,680 - INFO - Clic en el botón de envío 'Submit' realizado.
2026-08-13 08:35:33,680 - INFO - Esperando respuesta del servidor...
2026-08-13 08:35:33,692 - INFO - Confirmación recibida: El archivo se procesó en el backend.
2026-08-13 08:35:33,695 - INFO - Buscando y haciendo clic en el botón 'Cerrar' del diálogo...
2026-08-13 08:35:44,082 - WARNING - No se pudo hacer clic en el botón 'Cerrar' de forma normal. Intentando forzar el clic con JavaScript.
2026-08-13 08:35:44,099 - INFO - Diálogo de importación cerrado forzando el clic con JavaScript.
2026-08-13 08:36:26,146 - INFO - [EXITO] PO (Local) N° Maestro [0200745041] creada exitosamente para: 12_Plantilla_Predistribuido_NO.xls
2026-08-13 08:36:29,147 - INFO - ============================================================
2026-08-13 08:36:29,147 - INFO - [PROCESANDO] [11/19] (Local): 1_Plantilla_Predistribuido_NO.xls
2026-08-13 08:36:29,148 - INFO - ============================================================
2026-08-13 08:37:12,372 - INFO - Buscando y haciendo clic en el botón 'Continuar'...
2026-08-13 08:37:12,574 - INFO - Clic en 'Continuar' (ID='next') realizado.
2026-08-13 08:37:15,575 - INFO - Buscando y haciendo clic en el botón 'Importar SKU'...
2026-08-13 08:37:16,940 - INFO - Clic en 'Importar SKU' realizado.
2026-08-13 08:37:18,942 - INFO - Iniciando proceso de importación de archivo SKU...
2026-08-13 08:37:18,943 - INFO - Cambiando al iframe 'frameImporSkuXlsF1'...
2026-08-13 08:37:18,984 - INFO - Buscando el campo de entrada de archivo (input[type='file'])...
2026-08-13 08:37:19,497 - INFO - Asignando ruta: 'C:\Users\eliseo_lopezp\automatizacion_web\archivos\locales\1_Plantilla_Predistribuido_NO.xls'
2026-08-13 08:37:20,528 - INFO - Archivo asignado en el input. Valor: 'C:\fakepath\1_Plantilla_Predistribuido_NO.xls'
2026-08-13 08:37:20,528 - INFO - Buscando el botón para enviar el archivo (Submit)...
2026-08-13 08:37:20,695 - INFO - Clic en el botón de envío 'Submit' realizado.
2026-08-13 08:37:20,695 - INFO - Esperando respuesta del servidor...
2026-08-13 08:37:20,706 - INFO - Confirmación recibida: El archivo se procesó en el backend.
2026-08-13 08:37:20,712 - INFO - Buscando y haciendo clic en el botón 'Cerrar' del diálogo...
2026-08-13 08:37:31,139 - WARNING - No se pudo hacer clic en el botón 'Cerrar' de forma normal. Intentando forzar el clic con JavaScript.
2026-08-13 08:37:31,162 - INFO - Diálogo de importación cerrado forzando el clic con JavaScript.
2026-08-13 08:37:54,593 - INFO - [EXITO] PO (Local) N° Maestro [0200745042] creada exitosamente para: 1_Plantilla_Predistribuido_NO.xls
2026-08-13 08:37:57,594 - INFO - ============================================================
2026-08-13 08:37:57,595 - INFO - [PROCESANDO] [12/19] (Local): 2_Plantilla_Predistribuido_NO.xls
2026-08-13 08:37:57,595 - INFO - ============================================================
2026-08-13 08:38:41,612 - INFO - Buscando y haciendo clic en el botón 'Continuar'...
2026-08-13 08:38:41,803 - INFO - Clic en 'Continuar' (ID='next') realizado.
2026-08-13 08:38:44,804 - INFO - Buscando y haciendo clic en el botón 'Importar SKU'...
2026-08-13 08:38:46,418 - INFO - Clic en 'Importar SKU' realizado.
2026-08-13 08:38:48,420 - INFO - Iniciando proceso de importación de archivo SKU...
2026-08-13 08:38:48,420 - INFO - Cambiando al iframe 'frameImporSkuXlsF1'...
2026-08-13 08:38:48,449 - INFO - Buscando el campo de entrada de archivo (input[type='file'])...
2026-08-13 08:38:48,964 - INFO - Asignando ruta: 'C:\Users\eliseo_lopezp\automatizacion_web\archivos\locales\2_Plantilla_Predistribuido_NO.xls'
2026-08-13 08:38:49,996 - INFO - Archivo asignado en el input. Valor: 'C:\fakepath\2_Plantilla_Predistribuido_NO.xls'
2026-08-13 08:38:49,996 - INFO - Buscando el botón para enviar el archivo (Submit)...
2026-08-13 08:38:50,187 - INFO - Clic en el botón de envío 'Submit' realizado.
2026-08-13 08:38:50,187 - INFO - Esperando respuesta del servidor...
2026-08-13 08:38:50,199 - INFO - Confirmación recibida: El archivo se procesó en el backend.
2026-08-13 08:38:50,204 - INFO - Buscando y haciendo clic en el botón 'Cerrar' del diálogo...
2026-08-13 08:39:00,617 - WARNING - No se pudo hacer clic en el botón 'Cerrar' de forma normal. Intentando forzar el clic con JavaScript.
2026-08-13 08:39:00,635 - INFO - Diálogo de importación cerrado forzando el clic con JavaScript.
2026-08-13 08:39:26,923 - INFO - [EXITO] PO (Local) N° Maestro [0200745043] creada exitosamente para: 2_Plantilla_Predistribuido_NO.xls
2026-08-13 08:39:29,924 - INFO - ============================================================
2026-08-13 08:39:29,924 - INFO - [PROCESANDO] [13/19] (Local): 3_Plantilla_Predistribuido_NO.xls
2026-08-13 08:39:29,925 - INFO - ============================================================
2026-08-13 08:40:14,512 - INFO - Buscando y haciendo clic en el botón 'Continuar'...
2026-08-13 08:40:14,702 - INFO - Clic en 'Continuar' (ID='next') realizado.
2026-08-13 08:40:17,703 - INFO - Buscando y haciendo clic en el botón 'Importar SKU'...
2026-08-13 08:40:19,176 - INFO - Clic en 'Importar SKU' realizado.
2026-08-13 08:40:21,177 - INFO - Iniciando proceso de importación de archivo SKU...
2026-08-13 08:40:21,177 - INFO - Cambiando al iframe 'frameImporSkuXlsF1'...
2026-08-13 08:40:21,212 - INFO - Buscando el campo de entrada de archivo (input[type='file'])...
2026-08-13 08:40:21,727 - INFO - Asignando ruta: 'C:\Users\eliseo_lopezp\automatizacion_web\archivos\locales\3_Plantilla_Predistribuido_NO.xls'
2026-08-13 08:40:22,765 - INFO - Archivo asignado en el input. Valor: 'C:\fakepath\3_Plantilla_Predistribuido_NO.xls'
2026-08-13 08:40:22,765 - INFO - Buscando el botón para enviar el archivo (Submit)...
2026-08-13 08:40:22,977 - INFO - Clic en el botón de envío 'Submit' realizado.
2026-08-13 08:40:22,977 - INFO - Esperando respuesta del servidor...
2026-08-13 08:40:22,996 - INFO - Confirmación recibida: El archivo se procesó en el backend.
2026-08-13 08:40:23,001 - INFO - Buscando y haciendo clic en el botón 'Cerrar' del diálogo...
2026-08-13 08:40:33,423 - WARNING - No se pudo hacer clic en el botón 'Cerrar' de forma normal. Intentando forzar el clic con JavaScript.
2026-08-13 08:40:33,441 - INFO - Diálogo de importación cerrado forzando el clic con JavaScript.
2026-08-13 08:40:55,343 - INFO - [EXITO] PO (Local) N° Maestro [0200745044] creada exitosamente para: 3_Plantilla_Predistribuido_NO.xls
2026-08-13 08:40:58,343 - INFO - ============================================================
2026-08-13 08:40:58,343 - INFO - [PROCESANDO] [14/19] (Local): 4_Plantilla_Predistribuido_NO.xls
2026-08-13 08:40:58,344 - INFO - ============================================================
2026-08-13 08:41:41,770 - INFO - Buscando y haciendo clic en el botón 'Continuar'...
2026-08-13 08:41:42,008 - INFO - Clic en 'Continuar' (ID='next') realizado.
2026-08-13 08:41:45,009 - INFO - Buscando y haciendo clic en el botón 'Importar SKU'...
2026-08-13 08:41:46,823 - INFO - Clic en 'Importar SKU' realizado.
2026-08-13 08:41:48,825 - INFO - Iniciando proceso de importación de archivo SKU...
2026-08-13 08:41:48,826 - INFO - Cambiando al iframe 'frameImporSkuXlsF1'...
2026-08-13 08:41:48,866 - INFO - Buscando el campo de entrada de archivo (input[type='file'])...
2026-08-13 08:41:49,380 - INFO - Asignando ruta: 'C:\Users\eliseo_lopezp\automatizacion_web\archivos\locales\4_Plantilla_Predistribuido_NO.xls'
2026-08-13 08:41:50,413 - INFO - Archivo asignado en el input. Valor: 'C:\fakepath\4_Plantilla_Predistribuido_NO.xls'
2026-08-13 08:41:50,415 - INFO - Buscando el botón para enviar el archivo (Submit)...
2026-08-13 08:41:50,623 - INFO - Clic en el botón de envío 'Submit' realizado.
2026-08-13 08:41:50,623 - INFO - Esperando respuesta del servidor...
2026-08-13 08:41:50,633 - INFO - Confirmación recibida: El archivo se procesó en el backend.
2026-08-13 08:41:50,636 - INFO - Buscando y haciendo clic en el botón 'Cerrar' del diálogo...
2026-08-13 08:42:01,034 - WARNING - No se pudo hacer clic en el botón 'Cerrar' de forma normal. Intentando forzar el clic con JavaScript.
2026-08-13 08:42:01,057 - INFO - Diálogo de importación cerrado forzando el clic con JavaScript.
2026-08-13 08:42:23,884 - INFO - [EXITO] PO (Local) N° Maestro [0200745045] creada exitosamente para: 4_Plantilla_Predistribuido_NO.xls
2026-08-13 08:42:26,885 - INFO - ============================================================
2026-08-13 08:42:26,885 - INFO - [PROCESANDO] [15/19] (Local): 5_Plantilla_Predistribuido_NO.xls
2026-08-13 08:42:26,885 - INFO - ============================================================
2026-08-13 08:43:09,525 - INFO - Buscando y haciendo clic en el botón 'Continuar'...
2026-08-13 08:43:09,702 - INFO - Clic en 'Continuar' (ID='next') realizado.
2026-08-13 08:43:12,703 - INFO - Buscando y haciendo clic en el botón 'Importar SKU'...
2026-08-13 08:43:13,924 - INFO - Clic en 'Importar SKU' realizado.
2026-08-13 08:43:15,932 - INFO - Iniciando proceso de importación de archivo SKU...
2026-08-13 08:43:15,932 - INFO - Cambiando al iframe 'frameImporSkuXlsF1'...
2026-08-13 08:43:15,961 - INFO - Buscando el campo de entrada de archivo (input[type='file'])...
2026-08-13 08:43:16,475 - INFO - Asignando ruta: 'C:\Users\eliseo_lopezp\automatizacion_web\archivos\locales\5_Plantilla_Predistribuido_NO.xls'
2026-08-13 08:43:17,497 - INFO - Archivo asignado en el input. Valor: 'C:\fakepath\5_Plantilla_Predistribuido_NO.xls'
2026-08-13 08:43:17,499 - INFO - Buscando el botón para enviar el archivo (Submit)...
2026-08-13 08:43:17,631 - INFO - Clic en el botón de envío 'Submit' realizado.
2026-08-13 08:43:17,632 - INFO - Esperando respuesta del servidor...
2026-08-13 08:43:17,639 - INFO - Confirmación recibida: El archivo se procesó en el backend.
2026-08-13 08:43:17,646 - INFO - Buscando y haciendo clic en el botón 'Cerrar' del diálogo...
2026-08-13 08:43:27,965 - WARNING - No se pudo hacer clic en el botón 'Cerrar' de forma normal. Intentando forzar el clic con JavaScript.
2026-08-13 08:43:27,984 - INFO - Diálogo de importación cerrado forzando el clic con JavaScript.
2026-08-13 08:43:51,301 - INFO - [EXITO] PO (Local) N° Maestro [0200745046] creada exitosamente para: 5_Plantilla_Predistribuido_NO.xls
2026-08-13 08:43:54,302 - INFO - ============================================================
2026-08-13 08:43:54,302 - INFO - [PROCESANDO] [16/19] (Local): 6_Plantilla_Predistribuido_NO.xls
2026-08-13 08:43:54,302 - INFO - ============================================================
2026-08-13 08:44:37,763 - INFO - Buscando y haciendo clic en el botón 'Continuar'...
2026-08-13 08:44:37,900 - INFO - Clic en 'Continuar' (ID='next') realizado.
2026-08-13 08:44:40,901 - INFO - Buscando y haciendo clic en el botón 'Importar SKU'...
2026-08-13 08:44:42,288 - INFO - Clic en 'Importar SKU' realizado.
2026-08-13 08:44:44,290 - INFO - Iniciando proceso de importación de archivo SKU...
2026-08-13 08:44:44,291 - INFO - Cambiando al iframe 'frameImporSkuXlsF1'...
2026-08-13 08:44:44,313 - INFO - Buscando el campo de entrada de archivo (input[type='file'])...
2026-08-13 08:44:44,822 - INFO - Asignando ruta: 'C:\Users\eliseo_lopezp\automatizacion_web\archivos\locales\6_Plantilla_Predistribuido_NO.xls'
2026-08-13 08:44:45,849 - INFO - Archivo asignado en el input. Valor: 'C:\fakepath\6_Plantilla_Predistribuido_NO.xls'
2026-08-13 08:44:45,849 - INFO - Buscando el botón para enviar el archivo (Submit)...
2026-08-13 08:44:45,961 - INFO - Clic en el botón de envío 'Submit' realizado.
2026-08-13 08:44:45,961 - INFO - Esperando respuesta del servidor...
2026-08-13 08:44:45,967 - INFO - Confirmación recibida: El archivo se procesó en el backend.
2026-08-13 08:44:45,972 - INFO - Buscando y haciendo clic en el botón 'Cerrar' del diálogo...
2026-08-13 08:44:56,373 - WARNING - No se pudo hacer clic en el botón 'Cerrar' de forma normal. Intentando forzar el clic con JavaScript.
2026-08-13 08:44:56,388 - INFO - Diálogo de importación cerrado forzando el clic con JavaScript.
2026-08-13 08:45:17,231 - INFO - [EXITO] PO (Local) N° Maestro [0200745047] creada exitosamente para: 6_Plantilla_Predistribuido_NO.xls
2026-08-13 08:45:20,233 - INFO - ============================================================
2026-08-13 08:45:20,233 - INFO - [PROCESANDO] [17/19] (Local): 7_Plantilla_Predistribuido_NO.xls
2026-08-13 08:45:20,233 - INFO - ============================================================
2026-08-13 08:46:03,706 - INFO - Buscando y haciendo clic en el botón 'Continuar'...
2026-08-13 08:46:03,904 - INFO - Clic en 'Continuar' (ID='next') realizado.
2026-08-13 08:46:06,905 - INFO - Buscando y haciendo clic en el botón 'Importar SKU'...
2026-08-13 08:46:09,360 - INFO - Clic en 'Importar SKU' realizado.
2026-08-13 08:46:11,362 - INFO - Iniciando proceso de importación de archivo SKU...
2026-08-13 08:46:11,362 - INFO - Cambiando al iframe 'frameImporSkuXlsF1'...
2026-08-13 08:46:11,391 - INFO - Buscando el campo de entrada de archivo (input[type='file'])...
2026-08-13 08:46:11,905 - INFO - Asignando ruta: 'C:\Users\eliseo_lopezp\automatizacion_web\archivos\locales\7_Plantilla_Predistribuido_NO.xls'
2026-08-13 08:46:12,939 - INFO - Archivo asignado en el input. Valor: 'C:\fakepath\7_Plantilla_Predistribuido_NO.xls'
2026-08-13 08:46:12,939 - INFO - Buscando el botón para enviar el archivo (Submit)...
2026-08-13 08:46:13,127 - INFO - Clic en el botón de envío 'Submit' realizado.
2026-08-13 08:46:13,127 - INFO - Esperando respuesta del servidor...
2026-08-13 08:46:13,132 - INFO - Confirmación recibida: El archivo se procesó en el backend.
2026-08-13 08:46:13,141 - INFO - Buscando y haciendo clic en el botón 'Cerrar' del diálogo...
2026-08-13 08:46:23,530 - WARNING - No se pudo hacer clic en el botón 'Cerrar' de forma normal. Intentando forzar el clic con JavaScript.
2026-08-13 08:46:23,551 - INFO - Diálogo de importación cerrado forzando el clic con JavaScript.
2026-08-13 08:46:42,521 - INFO - [EXITO] PO (Local) N° Maestro [0200745048] creada exitosamente para: 7_Plantilla_Predistribuido_NO.xls
2026-08-13 08:46:45,522 - INFO - ============================================================
2026-08-13 08:46:45,522 - INFO - [PROCESANDO] [18/19] (Local): 8_Plantilla_Predistribuido_NO.xls
2026-08-13 08:46:45,522 - INFO - ============================================================
2026-08-13 08:47:28,943 - INFO - Buscando y haciendo clic en el botón 'Continuar'...
2026-08-13 08:47:29,174 - INFO - Clic en 'Continuar' (ID='next') realizado.
2026-08-13 08:47:32,175 - INFO - Buscando y haciendo clic en el botón 'Importar SKU'...
2026-08-13 08:47:33,746 - INFO - Clic en 'Importar SKU' realizado.
2026-08-13 08:47:35,747 - INFO - Iniciando proceso de importación de archivo SKU...
2026-08-13 08:47:35,748 - INFO - Cambiando al iframe 'frameImporSkuXlsF1'...
2026-08-13 08:47:35,787 - INFO - Buscando el campo de entrada de archivo (input[type='file'])...
2026-08-13 08:47:36,303 - INFO - Asignando ruta: 'C:\Users\eliseo_lopezp\automatizacion_web\archivos\locales\8_Plantilla_Predistribuido_NO.xls'
2026-08-13 08:47:37,341 - INFO - Archivo asignado en el input. Valor: 'C:\fakepath\8_Plantilla_Predistribuido_NO.xls'
2026-08-13 08:47:37,342 - INFO - Buscando el botón para enviar el archivo (Submit)...
2026-08-13 08:47:37,537 - INFO - Clic en el botón de envío 'Submit' realizado.
2026-08-13 08:47:37,538 - INFO - Esperando respuesta del servidor...
2026-08-13 08:47:37,545 - INFO - Confirmación recibida: El archivo se procesó en el backend.
2026-08-13 08:47:37,548 - INFO - Buscando y haciendo clic en el botón 'Cerrar' del diálogo...
2026-08-13 08:47:48,009 - WARNING - No se pudo hacer clic en el botón 'Cerrar' de forma normal. Intentando forzar el clic con JavaScript.
2026-08-13 08:47:48,025 - INFO - Diálogo de importación cerrado forzando el clic con JavaScript.
2026-08-13 08:48:01,502 - INFO - [EXITO] PO (Local) N° Maestro [0200745049] creada exitosamente para: 8_Plantilla_Predistribuido_NO.xls
2026-08-13 08:48:04,503 - INFO - ============================================================
2026-08-13 08:48:04,503 - INFO - [PROCESANDO] [19/19] (Local): 9_Plantilla_Predistribuido_NO.xls
2026-08-13 08:48:04,503 - INFO - ============================================================
2026-08-13 08:48:47,989 - INFO - Buscando y haciendo clic en el botón 'Continuar'...
2026-08-13 08:48:48,188 - INFO - Clic en 'Continuar' (ID='next') realizado.
2026-08-13 08:48:51,189 - INFO - Buscando y haciendo clic en el botón 'Importar SKU'...
2026-08-13 08:48:52,869 - INFO - Clic en 'Importar SKU' realizado.
2026-08-13 08:48:54,871 - INFO - Iniciando proceso de importación de archivo SKU...
2026-08-13 08:48:54,871 - INFO - Cambiando al iframe 'frameImporSkuXlsF1'...
2026-08-13 08:48:54,900 - INFO - Buscando el campo de entrada de archivo (input[type='file'])...
2026-08-13 08:48:55,413 - INFO - Asignando ruta: 'C:\Users\eliseo_lopezp\automatizacion_web\archivos\locales\9_Plantilla_Predistribuido_NO.xls'
2026-08-13 08:48:56,441 - INFO - Archivo asignado en el input. Valor: 'C:\fakepath\9_Plantilla_Predistribuido_NO.xls'
2026-08-13 08:48:56,441 - INFO - Buscando el botón para enviar el archivo (Submit)...
2026-08-13 08:48:56,609 - INFO - Clic en el botón de envío 'Submit' realizado.
2026-08-13 08:48:56,609 - INFO - Esperando respuesta del servidor...
2026-08-13 08:48:56,621 - INFO - Confirmación recibida: El archivo se procesó en el backend.
2026-08-13 08:48:56,624 - INFO - Buscando y haciendo clic en el botón 'Cerrar' del diálogo...
2026-08-13 08:49:07,061 - WARNING - No se pudo hacer clic en el botón 'Cerrar' de forma normal. Intentando forzar el clic con JavaScript.
2026-08-13 08:49:07,083 - INFO - Diálogo de importación cerrado forzando el clic con JavaScript.
2026-08-13 08:49:29,451 - INFO - [EXITO] PO (Local) N° Maestro [0200745050] creada exitosamente para: 9_Plantilla_Predistribuido_NO.xls
2026-08-13 08:49:32,454 - INFO - Se ha guardado el reporte de POs en: c:\Users\eliseo_lopezp\automatizacion_web\po_report.json
2026-08-13 08:49:32,455 - INFO - Proceso completado: 19 PO(s) procesadas exitosamente de 19.
